// Jest Snapshot v1, https://goo.gl/fbAQLP

exports[`icon-button renders without problems 1`] = `
<IconButton
  formNoValidate={false}
  size="m"
  tag="button"
  type="button"
  view="default"
>
  <button
    className="icon-button icon-button_view_default icon-button_size_m"
    formNoValidate={false}
    onBlur={[Function]}
    onClick={[Function]}
    onFocus={[Function]}
    onKeyDown={[Function]}
    onKeyUp={[Function]}
    onMouseDown={[Function]}
    onMouseEnter={[Function]}
    onMouseLeave={[Function]}
    onMouseOut={[Function]}
    onMouseUp={[Function]}
    role="button"
    type="button"
  />
</IconButton>
`;
